Li@DESKTOP-L6I9953 MINGW64 ~
$ mkdir GIT

Li@DESKTOP-L6I9953 MINGW64 ~
$ cd GIT

Li@DESKTOP-L6I9953 MINGW64 ~/GIT
$ git init
Initialized empty Git repository in C:/Users/Li/GIT/.git/

Li@DESKTOP-L6I9953 MINGW64 ~/GIT (master)
$ touch README

Li@DESKTOP-L6I9953 MINGW64 ~/GIT (master)
$ git status
On branch master

No commits yet

Untracked files:
  (use "git add <file>..." to include in what will be committed)

        README

nothing added to commit but untracked files present (use "git add" to track)

Li@DESKTOP-L6I9953 MINGW64 ~/GIT (master)
$ git add README

Li@DESKTOP-L6I9953 MINGW64 ~/GIT (master)
$ git status
On branch master

No commits yet

Changes to be committed:
  (use "git rm --cached <file>..." to unstage)

        new file:   README


Li@DESKTOP-L6I9953 MINGW64 ~/GIT (master)
$ GIT commit -m 'first commit'

*** Please tell me who you are.

Run

  git config --global user.email "you@example.com"
  git config --global user.name "Your Name"

to set your account's default identity.
Omit --global to set the identity only in this repository.

fatal: unable to auto-detect email address (got 'Li@DESKTOP-L6I9953.(none)')

Li@DESKTOP-L6I9953 MINGW64 ~/GIT (master)
$  git config --global user.name "Your Name"

Li@DESKTOP-L6I9953 MINGW64 ~/GIT (master)
$ git config --global user.name "afedkina1024"

Li@DESKTOP-L6I9953 MINGW64 ~/GIT (master)
$ git config --global user.email afedkina1024@gmail.com

Li@DESKTOP-L6I9953 MINGW64 ~/GIT (master)
$ git commit -m 'first commit'
[master (root-commit) 9deaaa8] first commit
 1 file changed, 0 insertions(+), 0 deletions(-)
 create mode 100644 README

Li@DESKTOP-L6I9953 MINGW64 ~/GIT (master)
$ git status
On branch master
nothing to commit, working tree clean


Li@DESKTOP-L6I9953 MINGW64 ~/GIT (master)
$ git remote add origin https://github.com/afedkina1024/instagram_script.git

Li@DESKTOP-L6I9953 MINGW64 ~/GIT (master)
$ git push -u origin master
The authenticity of host 'github.com (192.30.253.112)' can't be established.
RSA key fingerprint is SHA256:nThbg6kXUpJWGl7E1IGOCspRomTxdCARLviKw6E5SY8.
Are you sure you want to continue connecting (yes/no)? n
Please type 'yes' or 'no': no
Host key verification failed.
fatal: Could not read from remote repository.

Please make sure you have the correct access rights
and the repository exists.

Li@DESKTOP-L6I9953 MINGW64 ~/GIT (master)
$ ssh-keygen -t rsa
Generating public/private rsa key pair.
Enter file in which to save the key (/c/Users/Li/.ssh/id_rsa): gitkey
Enter passphrase (empty for no passphrase):
Enter same passphrase again:
Passphrases do not match.  Try again.
Enter passphrase (empty for no passphrase):
Enter same passphrase again:
Your identification has been saved in gitkey.
Your public key has been saved in gitkey.pub.
The key fingerprint is:
SHA256:62j1btskfK7j6yJIMIPdSv2RgyMZvrLvD+EurFTPwN4 Li@DESKTOP-L6I9953
The key's randomart image is:
+---[RSA 2048]----+
|                 |
|  .              |
| + = . .         |
|. @ = +          |
| ..@ o oS        |
|..=.* . .o       |
|.+oo E ...o o    |
|+o .. oo. +*     |
|o++......*B=o    |
+----[SHA256]-----+


Li@DESKTOP-L6I9953 MINGW64 ~/GIT (master)
$ eval $(ssh-agent -s)
Agent pid 11376

Li@DESKTOP-L6I9953 MINGW64 ~/GIT (master)
$ ssh-add ~/GIT/ssh/gitkey
Enter passphrase for /c/Users/Li/GIT/ssh/gitkey:
Identity added: /c/Users/Li/GIT/ssh/gitkey (/c/Users/Li/GIT/ssh/gitkey)

Li@DESKTOP-L6I9953 MINGW64 ~/GIT (master)
$ git push -u origin master
ERROR: Repository not found.
fatal: Could not read from remote repository.

Please make sure you have the correct access rights
and the repository exists.

eLi@DESKTOP-L6I9953 MINGW64 ~/GIT (master)
$ git remote set-url origin git@github.com:afedkina1024/instagram_script.git

Li@DESKTOP-L6I9953 MINGW64 ~/GIT (master)
$ git push -u origin master
Warning: Permanently added the RSA host key for IP address '192.30.253.113' to t                                                                                                                he list of known hosts.
Enumerating objects: 3, done.
Counting objects: 100% (3/3), done.
Writing objects: 100% (3/3), 205 bytes | 68.00 KiB/s, done.
Total 3 (delta 0), reused 0 (delta 0)
To github.com:afedkina1024/instagram_script.git
 * [new branch]      master -> master
Branch 'master' set up to track remote branch 'master' from 'origin'.

Li@DESKTOP-L6I9953 MINGW64 ~/GIT (master)

Removing a folder from the repository
Step 1. Add the folder path to your repo's root .gitignore file.

path_to_your_folder/
Step 2. Remove the folder from your local git tracking, but keep it on your disk.

git rm -r --cached path_to_your_folder/

allow commits without messages
$ git commit -a --allow-empty-message -m ''

-- phpMyAdmin SQL Dump
-- version 4.7.7
-- https://www.phpmyadmin.net/
--
-- Хост: 127.0.0.1:3306
-- Время создания: Сен 07 2018 г., 19:10
-- Версия сервера: 5.6.38
-- Версия PHP: 5.6.32

SET SQL_MODE = "NO_AUTO_VALUE_ON_ZERO";
SET AUTOCOMMIT = 0;
START TRANSACTION;
SET time_zone = "+00:00";


/*!40101 SET @OLD_CHARACTER_SET_CLIENT=@@CHARACTER_SET_CLIENT */;
/*!40101 SET @OLD_CHARACTER_SET_RESULTS=@@CHARACTER_SET_RESULTS */;
/*!40101 SET @OLD_COLLATION_CONNECTION=@@COLLATION_CONNECTION */;
/*!40101 SET NAMES utf8mb4 */;

--
-- База данных: `db_instagram`
--

-- --------------------------------------------------------

--
-- Структура таблицы `task_queue`
--

CREATE TABLE `task_queue` (
  `queue_id` int(11) NOT NULL,
  `task_id` int(11) NOT NULL,
  `login` varchar(50) NOT NULL,
  `password` varchar(50) NOT NULL,
  `proxy` varchar(50) NOT NULL,
  `resourceAmount` int(11) NOT NULL,
  `searchType` varchar(50) NOT NULL,
  `actionType` varchar(50) NOT NULL,
  `data` varchar(250) NOT NULL,
  `message` text NOT NULL,
  `status` varchar(50) NOT NULL
) ENGINE=InnoDB DEFAULT CHARSET=utf8;

--
-- Дамп данных таблицы `task_queue`
--

INSERT INTO `task_queue` (`queue_id`, `task_id`, `login`, `password`, `proxy`, `resourceAmount`, `searchType`, `actionType`, `data`, `message`, `status`) VALUES
(4, 1, 'ricatino86', 'S2HAtiEnnw', 'user3249:jV0m2DJq@185.220.35.7:33249', 100, 'hashtag', 'like', 'zara, rose, flower', '', 'new'),
(5, 1, 'ricatino86', 'S2HAtiEnnw', 'user3249:jV0m2DJq@185.220.35.7:33249', 100, 'hashtag', 'like', 'zara, rose, flower', '', 'new'),
(6, 1, 'ricatino86', 'S2HAtiEnnw', 'user3249:jV0m2DJq@185.220.35.7:33249', 100, 'hashtag', 'like', 'zara, rose, flower', '', 'new'),
(7, 1, 'ricatino86', 'S2HAtiEnnw', 'user3249:jV0m2DJq@185.220.35.7:33249', 100, 'hashtag', 'like', 'zara, rose, flower', '', 'new'),
(8, 1, 'ricatino86', 'S2HAtiEnnw', 'user3249:jV0m2DJq@185.220.35.7:33249', 100, 'hashtag', 'like', 'zara, rose, flower', '', 'new'),
(9, 1, 'ricatino86', 'S2HAtiEnnw', 'user3249:jV0m2DJq@185.220.35.7:33249', 100, 'hashtag', 'like', 'zara, rose, flower', '', 'new'),
(10, 1, 'ricatino86', 'S2HAtiEnnw', 'user3249:jV0m2DJq@185.220.35.7:33249', 100, 'hashtag', 'like', 'zara, rose, flower', '', 'new'),
(11, 1, 'ricatino86', 'S2HAtiEnnw', 'user3249:jV0m2DJq@185.220.35.7:33249', 100, 'hashtag', 'like', 'zara, rose, flower', '', 'new'),
(12, 1, 'ricatino86', 'S2HAtiEnnw', 'user3249:jV0m2DJq@185.220.35.7:33249', 100, 'hashtag', 'like', 'zara, rose, flower', '', 'new'),
(13, 1, 'ricatino86', 'S2HAtiEnnw', 'user3249:jV0m2DJq@185.220.35.7:33249', 100, 'hashtag', 'like', 'zara, rose, flower', '', 'new'),
(14, 1, 'ricatino86', 'S2HAtiEnnw', 'user3249:jV0m2DJq@185.220.35.7:33249', 100, 'hashtag', 'like', 'zara, rose, flower', '', 'new'),
(15, 1, 'ricatino86', 'S2HAtiEnnw', 'user3249:jV0m2DJq@185.220.35.7:33249', 100, 'hashtag', 'like', 'zara, rose, flower', '', 'new'),
(16, 1, 'ricatino86', 'S2HAtiEnnw', 'user3249:jV0m2DJq@185.220.35.7:33249', 100, 'hashtag', 'like', 'zara, rose, flower', '', 'new'),
(17, 1, 'ricatino86', 'S2HAtiEnnw', 'user3249:jV0m2DJq@185.220.35.7:33249', 100, 'hashtag', 'like', 'zara, rose, flower', '', 'new'),
(18, 1, 'ricatino86', 'S2HAtiEnnw', 'user3249:jV0m2DJq@185.220.35.7:33249', 100, 'hashtag', 'like', 'zara, rose, flower', '', 'new'),
(19, 1, 'ricatino86', 'S2HAtiEnnw', 'user3249:jV0m2DJq@185.220.35.7:33249', 100, 'hashtag', 'like', 'zara, rose, flower', '', 'new'),
(20, 1, 'ricatino86', 'S2HAtiEnnw', 'user3249:jV0m2DJq@185.220.35.7:33249', 100, 'hashtag', 'like', 'zara, rose, flower', '', 'new'),
(21, 1, 'ricatino86', 'S2HAtiEnnw', 'user3249:jV0m2DJq@185.220.35.7:33249', 100, 'hashtag', 'like', 'zara, rose, flower', '', 'new');

--
-- Индексы сохранённых таблиц
--

--
-- Индексы таблицы `task_queue`
--
ALTER TABLE `task_queue`
  ADD PRIMARY KEY (`queue_id`);

--
-- AUTO_INCREMENT для сохранённых таблиц
--

--
-- AUTO_INCREMENT для таблицы `task_queue`
--
ALTER TABLE `task_queue`
  MODIFY `queue_id` int(11) NOT NULL AUTO_INCREMENT, AUTO_INCREMENT=22;
COMMIT;

/*!40101 SET CHARACTER_SET_CLIENT=@OLD_CHARACTER_SET_CLIENT */;
/*!40101 SET CHARACTER_SET_RESULTS=@OLD_CHARACTER_SET_RESULTS */;
/*!40101 SET COLLATION_CONNECTION=@OLD_COLLATION_CONNECTION */;


composer require mgp25/instagram-php
composer require raiym/instagram-php-scraper
composer require symfony/process